main.c:129:1:__io_putchar	16	static
main.c:137:6:parseSerial	32	static
main.c:184:6:sendSerial	40	static
main.c:239:6:updateSettings	8	static
main.c:275:6:startSampling	8	static
main.c:305:5:main	8	static
main.c:426:6:SystemClock_Config	160	static
main.c:477:13:MX_ADC1_Init	48	static
main.c:540:13:MX_ADC2_Init	32	static
main.c:595:13:MX_ADC3_Init	48	static
main.c:658:13:MX_ADC4_Init	32	static
main.c:713:13:MX_COMP2_Init	8	static
main.c:745:13:MX_DAC1_Init	24	static
main.c:789:13:MX_TIM1_Init	112	static
main.c:868:13:MX_TIM2_Init	72	static
main.c:936:13:MX_TIM3_Init	64	static
main.c:995:13:MX_TIM8_Init	112	static
main.c:1075:13:MX_USART2_UART_Init	8	static
main.c:1108:13:MX_DMA_Init	16	static
main.c:1139:13:MX_GPIO_Init	24	static
main.c:1151:6:HAL_ADC_ConvCpltCallback	16	static
main.c:1155:6:HAL_UART_RxCpltCallback	16	static
main.c:1165:6:Error_Handler	4	static
